fsname: 50ns_1380b_1331_0_1320_144bpi12inj
Summary: main-sat S=B:2475 A:143 C:142
     0....,...10....,...20....,...30....,...40....,...50....,...60....,...70....,...80....,...90....,..99
   0:BBBBBBBBBBBBBBBB.C......A.BBBBBBBBBBBBBBBBBBBBBBBBBBBBBBBBBBBBBBBBBBBBBBBBBBBBBBBBBBBBBBBBBBBBBB.C..
 100:....A.BBBBBBBBBBBBBBBBBBBBBBBBBBBBBBBBBBBBBBBBBBBBBBBBBBBBBBBBBBBBBBBBBBBBBB.C......................
 200:......................E....C.C.C.C.C.C.C.C.C.C.C.C.C.C.C.C.C.C.C.C.C.C.C.C.C.C.C.C.C.C.C.C.C.C.C.C..
 300:.......C.C.C.C.C.C.C.C.C.C.C.C.C.C.C.C.C.C.C.BBBBBBBBBBBBBBBBBBBBBBBBB.C.C.C.C......................
 400:...........A.BBBBBBBBBBBBBBBBBBBBBBBBBBBBBBBBBBBBBBBBBBBBBBBBBBBBBBBBBBBBBBBBBBBBBB.C......A.BBBBBBB
 500:BBBBBBBBBBBBBBBBBBBBBBBBBBBBBBBBBBBBBBBBBBBBBBBBBBBBBBBBBBBBBBB.C......A.BBBBBBBBBBBBBBBBBBBBBBBBBBB
 600:BBBBBBBBBBBBBBBBBBBBBBBBBBBBBBBBBBBBBBBBBBB.C......A.BBBBBBBBBBBBBBBBBBBBBBBBBBBBBBBBBBBBBBBBBBBBBBB
 700:BBBBBBBBBBBBBBBBBBBBBBB.C.................................A.BBBBBBBBBBBBBBBBBBBBBBBBBBBBBBBBBBBBBBBB
 800:BBBBBBBBBBBBBBBBBBBBBBBBBBBBBB.C......A.BBBBBBBBBBBBBBBBBBBBBBBBBBBBBBBBBBBBBBBBBBBBBBBBBBBBBBBBBBBB
 900:BBBBBBBBBB.C......A.BBBBBBBBBBBBBBBBBBBBBBBBBBBBBBBBBBBBBBBBBBBBBBBBBBBBBBBBBBBBBBBBBBBBBB.C......A.
1000:BBBBBBBBBBBBBBBBBBBBBBBBBBBBBBBBBBBBBBBBBBBBBBBBBBBBBBBBBBBBBBBBBBBBBB.C............................
1100:.........C.C.C.C.BBBBBBBBBBBBBBBBBBBBBBBBBBBBBBBBBBBBBBBBBBBBBBBBBBBBBBBBBBBBBBBB.A.A.A.BB.C.C.C.BBB
1200:BBBBBBBBBBBBBBBBBBBBBBBBBBBBBBBBBBBBBBBBBBBBBBBBBBBBBBBBBBBBB.A.A.A.A...........................C.C.
1300:C.C.BBBBBBBBBBBBBBBBBBBBBBBBBBBBBBBBBBBBBBBBBBBBBBBBBBBBBBBBBBBBBBBB.A.A.A.BB.C.C.C.BBBBBBBBBBBBBBBB
1400:BBBBBBBBBBBBBBBBBBBBBBBBBBBBBBBBBBBBBBBBBBBBBBBB.A.A.A.BB.C.C.C.BBBBBBBBBBBBBBBBBBBBBBBBBBBBBBBBBBBB
1500:BBBBBBBBBBBBBBBBBBBBBBBBBBBB.A.A.A.BB.C.C.C.BBBBBBBBBBBBBBBBBBBBBBBBBBBBBBBBBBBBBBBBBBBBBBBBBBBBBBBB
1600:BBBBBBBB.A.A.A.A...........................C.C.C.C.BBBBBBBBBBBBBBBBBBBBBBBBBBBBBBBBBBBBBBBBBBBBBBBBB
1700:BBBBBBBBBBBBBBB.A.A.A.BB.C.C.C.BBBBBBBBBBBBBBBBBBBBBBBBBBBBBBBBBBBBBBBBBBBBBBBBBBBBBBBBBBBBBBBB.A.A.
1800:A.BB.C.C.C.BBBBBBBBBBBBBBBBBBBBBBBBBBBBBBBBBBBBBBBBBBBBBBBBBBBBBBBBBBBBBBBB.A.A.A.BB.C.C.C.BBBBBBBBB
1900:BBBBBBBBBBBBBBBBBBBBBBBBBBBBBBBBBBBBBBBBBBBBBBBBBBBBBBB.A.A.A.A...................................E.
2000:...C.C.C.C.BBBBBBBBBBBBBBBBBBBBBBBBBBBBBBBBBBBBBBBBBBBBBBBBBBBBBBBBBBBBBBBB.A.A.A.BB.C.C.C.BBBBBBBBB
2100:BBBBBBBBBBBBBBBBBBBBBBBBBBBBBBBBBBBBBBBBBBBBBBBBBBBBBBB.A.A.A.A...........................C.C.C.C.BB
2200:BBBBBBBBBBBBBBBBBBBBBBBBBBBBBBBBBBBBBBBBBBBBBBBBBBBBBBBBBBBBBB.A.A.A.BB.C.C.C.BBBBBBBBBBBBBBBBBBBBBB
2300:BBBBBBBBBBBBBBBBBBBBBBBBBBBBBBBBBBBBBBBBBB.A.A.A.BB.C.C.C.BBBBBBBBBBBBBBBBBBBBBBBBBBBBBBBBBBBBBBBBBB
2400:BBBBBBBBBBBBBBBBBBBBBB.A.A.A.BB.C.C.C.BBBBBBBBBBBBBBBBBBBBBBBBBBBBBBBBBBBBBBBBBBBBBBBBBBBBBBBBBBBBBB
2500:BB.A.A.A.A...........................C.C.C.C.BBBBBBBBBBBBBBBBBBBBBBBBBBBBBBBBBBBBBBBBBBBBBBBBBBBBBBB
2600:BBBBBBBBB.A.A.A.BB.C.C.C.BBBBBBBBBBBBBBBBBBBBBBBBBBBBBBBBBBBBBBBBBBBBBBBBBBBBBBBBBBBBBBBB.A.A.A.BB.C
2700:.C.C.BBBBBBBBBBBBBBBBBBBBBBBBBBBBBBBBBBBBBBBBBBBBBBBBBBBBBBBBBBBBBBBB.A.A.A.BB.C.C.C.BBBBBBBBBBBBBBB
2800:BBBBBBBBBBBBBBBBBBBBBBBBBBBBBBBBBBBBBBBBBBBBBBBBB.A.A.A.A.....................................A.A.A.
2900:A.A.A.A.A.A.A.A.A.A.A.A.A.A.A.A.A.A.A.A.A.A.A.A.A.A.A.A.A.A.A.A.A.........A.A.A.A.A.A.A.A.A.A.A.A.A.
3000:A.A.A.A.A.A.A.A.A.A.A.A.BBBBBBBBBBBBBBBBBBBBBB.C.................................A.BBBBBBBBBBBBBBBBB
3100:BBBBBBBBBBBBBBBBBBBBBBBBBBBBBBBBBBBBBBBBBBBBBBBBBBBBB.C......A.BBBBBBBBBBBBBBBBBBBBBBBBBBBBBBBBBBBBB
3200:BBBBBBBBBBBBBBBBBBBBBBBBBBBBBBBBB.C......A.BBBBBBBBBBBBBBBBBBBBBBBBBBBBBBBBBBBBBBBBBBBBBBBBBBBBBBBBB
3300:BBBBBBBBBBBBB.C......A.BBBBBBBBBBBBBBBBBBBBBBBBBBBBBBBBBBBBBBBBBBBBBBBBBBBBBBBBBBBBBBBBBBBBBB.C.....
3400:............................A.BBBBBBBBBBBBBBBBBBBBBBBBBBBBBBBBBBBBBBBBBBBBBBBBBBBBBBBBBBBBBBBBBBBBBB
3500:.C......A.BBBBBBBBBBBBBBBBBBBBBBBBBBBBBBBBBBBBBBBBBBBBBBBBBBBBBB
Alice masks written in file:
50ns_1380b_1331_0_1320_144bpi12inj.mask
